
> frontend@0.1.0 dev
> next dev

▲ Next.js 16.2.3 (Turbopack)
- Local:         http://localhost:3000
- Network:       http://192.168.0.2:3000
✓ Ready in 610ms
Attention: Next.js now collects completely anonymous telemetry regarding usage.
This information is used to shape Next.js' roadmap and prioritize features.
You can learn more, including how to opt-out if you'd not like to participate in this anonymous program, by visiting the following URL:
https://nextjs.org/telemetry


○ Compiling /_not-found/page ...
 GET /login 404 in 5.8s (next.js: 5.4s, application-code: 387ms)
 GET / 200 in 2.6s (next.js: 2.3s, application-code: 271ms)
○ Compiling /dashboard ...
 GET /dashboard 200 in 6.2s (next.js: 6.0s, application-code: 193ms)
 GET /dashboard 200 in 153ms (next.js: 7ms, application-code: 146ms)
[browser] The width(-1) and height(-1) of chart should be greater than 0,
       please check the style of container, or the props width(100%) and height(100%),
       or add a minWidth(0) or minHeight(undefined) or use aspect(undefined) to control the
       height and width.
[browser] The width(-1) and height(-1) of chart should be greater than 0,
       please check the style of container, or the props width(100%) and height(100%),
       or add a minWidth(0) or minHeight(undefined) or use aspect(undefined) to control the
       height and width.
